Analysis & Synthesis report for CPU
Tue May 14 18:51:31 2024
Quartus Prime Version 18.0.0 Build 614 04/24/2018 SJ Lite Edition


---------------------
; Table of Contents ;
---------------------
  1. Legal Notice
  2. Analysis & Synthesis Summary
  3. Analysis & Synthesis Settings
  4. Parallel Compilation
  5. Analysis & Synthesis Source Files Read
  6. Analysis & Synthesis Resource Usage Summary
  7. Analysis & Synthesis Resource Utilization by Entity
  8. State Machine - |CPU|ME:I1|edo
  9. Registers Removed During Synthesis
 10. Removed Registers Triggering Further Register Optimizations
 11. General Register Statistics
 12. Port Connectivity Checks: "DATA_PATH:I0|ALU_8BITS:ALU_UNIT"
 13. Analysis & Synthesis Messages



----------------
; Legal Notice ;
----------------
Copyright (C) 2018  Intel Corporation. All rights reserved.
Your use of Intel Corporation's design tools, logic functions 
and other software and tools, and its AMPP partner logic 
functions, and any output files from any of the foregoing 
(including device programming or simulation files), and any 
associated documentation or information are expressly subject 
to the terms and conditions of the Intel Program License 
Subscription Agreement, the Intel Quartus Prime License Agreement,
the Intel FPGA IP License Agreement, or other applicable license
agreement, including, without limitation, that your use is for
the sole purpose of programming logic devices manufactured by
Intel and sold by Intel or its authorized distributors.  Please
refer to the applicable agreement for further details.



+---------------------------------------------------------------------------+
; Analysis & Synthesis Summary                                              ;
+-----------------------------+---------------------------------------------+
; Analysis & Synthesis Status ; Successful - Tue May 14 18:51:31 2024       ;
; Quartus Prime Version       ; 18.0.0 Build 614 04/24/2018 SJ Lite Edition ;
; Revision Name               ; CPU                                         ;
; Top-level Entity Name       ; CPU                                         ;
; Family                      ; MAX II                                      ;
; Total logic elements        ; 20                                          ;
; Total pins                  ; 27                                          ;
; Total virtual pins          ; 0                                           ;
; UFM blocks                  ; 0 / 1 ( 0 % )                               ;
+-----------------------------+---------------------------------------------+


+------------------------------------------------------------------------------------------------------------+
; Analysis & Synthesis Settings                                                                              ;
+------------------------------------------------------------------+--------------------+--------------------+
; Option                                                           ; Setting            ; Default Value      ;
+------------------------------------------------------------------+--------------------+--------------------+
; Top-level entity name                                            ; CPU                ; CPU                ;
; Family name                                                      ; MAX II             ; Cyclone V          ;
; Use smart compilation                                            ; Off                ; Off                ;
; Enable parallel Assembler and Timing Analyzer during compilation ; On                 ; On                 ;
; Enable compact report table                                      ; Off                ; Off                ;
; Restructure Multiplexers                                         ; Auto               ; Auto               ;
; Create Debugging Nodes for IP Cores                              ; Off                ; Off                ;
; Preserve fewer node names                                        ; On                 ; On                 ;
; Intel FPGA IP Evaluation Mode                                    ; Enable             ; Enable             ;
; Verilog Version                                                  ; Verilog_2001       ; Verilog_2001       ;
; VHDL Version                                                     ; VHDL_1993          ; VHDL_1993          ;
; State Machine Processing                                         ; Auto               ; Auto               ;
; Safe State Machine                                               ; Off                ; Off                ;
; Extract Verilog State Machines                                   ; On                 ; On                 ;
; Extract VHDL State Machines                                      ; On                 ; On                 ;
; Ignore Verilog initial constructs                                ; Off                ; Off                ;
; Iteration limit for constant Verilog loops                       ; 5000               ; 5000               ;
; Iteration limit for non-constant Verilog loops                   ; 250                ; 250                ;
; Add Pass-Through Logic to Inferred RAMs                          ; On                 ; On                 ;
; Infer RAMs from Raw Logic                                        ; On                 ; On                 ;
; Parallel Synthesis                                               ; On                 ; On                 ;
; NOT Gate Push-Back                                               ; On                 ; On                 ;
; Power-Up Don't Care                                              ; On                 ; On                 ;
; Remove Redundant Logic Cells                                     ; Off                ; Off                ;
; Remove Duplicate Registers                                       ; On                 ; On                 ;
; Ignore CARRY Buffers                                             ; Off                ; Off                ;
; Ignore CASCADE Buffers                                           ; Off                ; Off                ;
; Ignore GLOBAL Buffers                                            ; Off                ; Off                ;
; Ignore ROW GLOBAL Buffers                                        ; Off                ; Off                ;
; Ignore LCELL Buffers                                             ; Off                ; Off                ;
; Ignore SOFT Buffers                                              ; On                 ; On                 ;
; Limit AHDL Integers to 32 Bits                                   ; Off                ; Off                ;
; Optimization Technique                                           ; Balanced           ; Balanced           ;
; Carry Chain Length                                               ; 70                 ; 70                 ;
; Auto Carry Chains                                                ; On                 ; On                 ;
; Auto Open-Drain Pins                                             ; On                 ; On                 ;
; Perform WYSIWYG Primitive Resynthesis                            ; Off                ; Off                ;
; Auto Shift Register Replacement                                  ; Auto               ; Auto               ;
; Allow Shift Register Merging across Hierarchies                  ; Auto               ; Auto               ;
; Auto Clock Enable Replacement                                    ; On                 ; On                 ;
; Allow Synchronous Control Signals                                ; On                 ; On                 ;
; Force Use of Synchronous Clear Signals                           ; Off                ; Off                ;
; Auto Resource Sharing                                            ; Off                ; Off                ;
; Use LogicLock Constraints during Resource Balancing              ; On                 ; On                 ;
; Ignore translate_off and synthesis_off directives                ; Off                ; Off                ;
; Report Parameter Settings                                        ; On                 ; On                 ;
; Report Source Assignments                                        ; On                 ; On                 ;
; Report Connectivity Checks                                       ; On                 ; On                 ;
; Ignore Maximum Fan-Out Assignments                               ; Off                ; Off                ;
; Synchronization Register Chain Length                            ; 2                  ; 2                  ;
; Power Optimization During Synthesis                              ; Normal compilation ; Normal compilation ;
; HDL message level                                                ; Level2             ; Level2             ;
; Suppress Register Optimization Related Messages                  ; Off                ; Off                ;
; Number of Removed Registers Reported in Synthesis Report         ; 5000               ; 5000               ;
; Number of Swept Nodes Reported in Synthesis Report               ; 5000               ; 5000               ;
; Number of Inverted Registers Reported in Synthesis Report        ; 100                ; 100                ;
; Clock MUX Protection                                             ; On                 ; On                 ;
; Block Design Naming                                              ; Auto               ; Auto               ;
; Synthesis Effort                                                 ; Auto               ; Auto               ;
; Shift Register Replacement - Allow Asynchronous Clear Signal     ; On                 ; On                 ;
; Analysis & Synthesis Message Level                               ; Medium             ; Medium             ;
; Disable Register Merging Across Hierarchies                      ; Auto               ; Auto               ;
+------------------------------------------------------------------+--------------------+--------------------+


+------------------------------------------+
; Parallel Compilation                     ;
+----------------------------+-------------+
; Processors                 ; Number      ;
+----------------------------+-------------+
; Number detected on machine ; 32          ;
; Maximum allowed            ; 16          ;
;                            ;             ;
; Average used               ; 1.00        ;
; Maximum used               ; 1           ;
;                            ;             ;
; Usage by Processor         ; % Time Used ;
;     Processor 1            ; 100.0%      ;
+----------------------------+-------------+


+---------------------------------------------------------------------------------------------------------------------------------------------------+
; Analysis & Synthesis Source Files Read                                                                                                            ;
+----------------------------------+-----------------+-----------------+------------------------------------------------------------------+---------+
; File Name with User-Entered Path ; Used in Netlist ; File Type       ; File Name with Absolute Path                                     ; Library ;
+----------------------------------+-----------------+-----------------+------------------------------------------------------------------+---------+
; ../../ARITH/HA/HA.vhd            ; yes             ; User VHDL File  ; C:/Users/ricar/Desktop/TE2003B/ARITH/HA/HA.vhd                   ;         ;
; ../DATA_PATH/DATA_PATH.vhd       ; yes             ; User VHDL File  ; C:/Users/ricar/Desktop/TE2003B/PROCESSOR/DATA_PATH/DATA_PATH.vhd ;         ;
; ../ALU_8BITS/ALU_8BITS.vhd       ; yes             ; User VHDL File  ; C:/Users/ricar/Desktop/TE2003B/PROCESSOR/ALU_8BITS/ALU_8BITS.vhd ;         ;
; ../BIT_SLICE/BIT_SLICE.vhd       ; yes             ; User VHDL File  ; C:/Users/ricar/Desktop/TE2003B/PROCESSOR/BIT_SLICE/BIT_SLICE.vhd ;         ;
; ../ME/ME.vhd                     ; yes             ; User VHDL File  ; C:/Users/ricar/Desktop/TE2003B/PROCESSOR/ME/ME.vhd               ;         ;
; CPU.vhd                          ; yes             ; User VHDL File  ; C:/Users/ricar/Desktop/TE2003B/PROCESSOR/CPU/CPU.vhd             ;         ;
+----------------------------------+-----------------+-----------------+------------------------------------------------------------------+---------+


+-----------------------------------------------------+
; Analysis & Synthesis Resource Usage Summary         ;
+---------------------------------------------+-------+
; Resource                                    ; Usage ;
+---------------------------------------------+-------+
; Total logic elements                        ; 20    ;
;     -- Combinational with no register       ; 0     ;
;     -- Register only                        ; 2     ;
;     -- Combinational with a register        ; 18    ;
;                                             ;       ;
; Logic element usage by number of LUT inputs ;       ;
;     -- 4 input functions                    ; 0     ;
;     -- 3 input functions                    ; 8     ;
;     -- 2 input functions                    ; 8     ;
;     -- 1 input functions                    ; 2     ;
;     -- 0 input functions                    ; 0     ;
;                                             ;       ;
; Logic elements by mode                      ;       ;
;     -- normal mode                          ; 14    ;
;     -- arithmetic mode                      ; 6     ;
;     -- qfbk mode                            ; 0     ;
;     -- register cascade mode                ; 0     ;
;     -- synchronous clear/load mode          ; 0     ;
;     -- asynchronous clear/load mode         ; 20    ;
;                                             ;       ;
; Total registers                             ; 20    ;
; Total logic cells in carry chains           ; 7     ;
; I/O pins                                    ; 27    ;
; Maximum fan-out node                        ; clk   ;
; Maximum fan-out                             ; 20    ;
; Total fan-out                               ; 107   ;
; Average fan-out                             ; 2.28  ;
+---------------------------------------------+-------+


+------------------------------------------------------------------------------------------------------------------------------------------------------------------------------------------------------------------------------------+
; Analysis & Synthesis Resource Utilization by Entity                                                                                                                                                                                ;
+----------------------------+-------------+--------------+------------+------+--------------+--------------+-------------------+------------------+-----------------+------------+---------------------+-------------+--------------+
; Compilation Hierarchy Node ; Logic Cells ; LC Registers ; UFM Blocks ; Pins ; Virtual Pins ; LUT-Only LCs ; Register-Only LCs ; LUT/Register LCs ; Carry Chain LCs ; Packed LCs ; Full Hierarchy Name ; Entity Name ; Library Name ;
+----------------------------+-------------+--------------+------------+------+--------------+--------------+-------------------+------------------+-----------------+------------+---------------------+-------------+--------------+
; |CPU                       ; 20 (0)      ; 20           ; 0          ; 27   ; 0            ; 0 (0)        ; 2 (0)             ; 18 (0)           ; 7 (0)           ; 0 (0)      ; |CPU                ; CPU         ; work         ;
;    |DATA_PATH:I0|          ; 16 (16)     ; 16           ; 0          ; 0    ; 0            ; 0 (0)        ; 0 (0)             ; 16 (16)          ; 7 (7)           ; 0 (0)      ; |CPU|DATA_PATH:I0   ; DATA_PATH   ; work         ;
;    |ME:I1|                 ; 4 (4)       ; 4            ; 0          ; 0    ; 0            ; 0 (0)        ; 2 (2)             ; 2 (2)            ; 0 (0)           ; 0 (0)      ; |CPU|ME:I1          ; ME          ; work         ;
+----------------------------+-------------+--------------+------------+------+--------------+--------------+-------------------+------------------+-----------------+------------+---------------------+-------------+--------------+
Note: For table entries with two numbers listed, the numbers in parentheses indicate the number of resources of the given type used by the specific entity alone. The numbers listed outside of parentheses indicate the total resources of the given type used by the specific entity and all of its sub-entities in the hierarchy.


Encoding Type:  One-Hot
+---------------------------------------------------------------------------------------------------------------------+
; State Machine - |CPU|ME:I1|edo                                                                                      ;
+----------------+----------------+----------------+----------------+------------+------------+------------+----------+
; Name           ; edo.Load_inmA3 ; edo.Load_inmA2 ; edo.Load_inmA1 ; edo.Decode ; edo.Fetch2 ; edo.Fetch1 ; edo.Idle ;
+----------------+----------------+----------------+----------------+------------+------------+------------+----------+
; edo.Idle       ; 0              ; 0              ; 0              ; 0          ; 0          ; 0          ; 0        ;
; edo.Fetch1     ; 0              ; 0              ; 0              ; 0          ; 0          ; 1          ; 1        ;
; edo.Fetch2     ; 0              ; 0              ; 0              ; 0          ; 1          ; 0          ; 1        ;
; edo.Decode     ; 0              ; 0              ; 0              ; 1          ; 0          ; 0          ; 1        ;
; edo.Load_inmA1 ; 0              ; 0              ; 1              ; 0          ; 0          ; 0          ; 1        ;
; edo.Load_inmA2 ; 0              ; 1              ; 0              ; 0          ; 0          ; 0          ; 1        ;
; edo.Load_inmA3 ; 1              ; 0              ; 0              ; 0          ; 0          ; 0          ; 1        ;
+----------------+----------------+----------------+----------------+------------+------------+------------+----------+


+--------------------------------------------------------------------------------------+
; Registers Removed During Synthesis                                                   ;
+----------------------------------------+---------------------------------------------+
; Register name                          ; Reason for Removal                          ;
+----------------------------------------+---------------------------------------------+
; DATA_PATH:I0|B_REG[0..7]               ; Stuck at GND due to stuck port clock_enable ;
; DATA_PATH:I0|A_REG[0..7]               ; Lost fanout                                 ;
; DATA_PATH:I0|IR_REG[0..7]              ; Stuck at GND due to stuck port data_in      ;
; ME:I1|edo.Load_inmA1                   ; Lost fanout                                 ;
; ME:I1|edo.Load_inmA2                   ; Lost fanout                                 ;
; ME:I1|edo.Load_inmA3                   ; Stuck at GND due to stuck port data_in      ;
; Total Number of Removed Registers = 27 ;                                             ;
+----------------------------------------+---------------------------------------------+


+-------------------------------------------------------------------------------------------------+
; Removed Registers Triggering Further Register Optimizations                                     ;
+-----------------------+--------------------------------+----------------------------------------+
; Register name         ; Reason for Removal             ; Registers Removed due to This Register ;
+-----------------------+--------------------------------+----------------------------------------+
; DATA_PATH:I0|B_REG[7] ; Stuck at GND                   ; DATA_PATH:I0|A_REG[7]                  ;
;                       ; due to stuck port clock_enable ;                                        ;
; DATA_PATH:I0|B_REG[6] ; Stuck at GND                   ; DATA_PATH:I0|A_REG[6]                  ;
;                       ; due to stuck port clock_enable ;                                        ;
; DATA_PATH:I0|B_REG[5] ; Stuck at GND                   ; DATA_PATH:I0|A_REG[5]                  ;
;                       ; due to stuck port clock_enable ;                                        ;
; DATA_PATH:I0|B_REG[4] ; Stuck at GND                   ; DATA_PATH:I0|A_REG[4]                  ;
;                       ; due to stuck port clock_enable ;                                        ;
; DATA_PATH:I0|B_REG[3] ; Stuck at GND                   ; DATA_PATH:I0|A_REG[3]                  ;
;                       ; due to stuck port clock_enable ;                                        ;
; DATA_PATH:I0|B_REG[2] ; Stuck at GND                   ; DATA_PATH:I0|A_REG[2]                  ;
;                       ; due to stuck port clock_enable ;                                        ;
; DATA_PATH:I0|B_REG[1] ; Stuck at GND                   ; DATA_PATH:I0|A_REG[1]                  ;
;                       ; due to stuck port clock_enable ;                                        ;
; DATA_PATH:I0|B_REG[0] ; Stuck at GND                   ; DATA_PATH:I0|A_REG[0]                  ;
;                       ; due to stuck port clock_enable ;                                        ;
+-----------------------+--------------------------------+----------------------------------------+


+------------------------------------------------------+
; General Register Statistics                          ;
+----------------------------------------------+-------+
; Statistic                                    ; Value ;
+----------------------------------------------+-------+
; Total registers                              ; 20    ;
; Number of registers using Synchronous Clear  ; 0     ;
; Number of registers using Synchronous Load   ; 0     ;
; Number of registers using Asynchronous Clear ; 20    ;
; Number of registers using Asynchronous Load  ; 0     ;
; Number of registers using Clock Enable       ; 15    ;
; Number of registers using Preset             ; 0     ;
+----------------------------------------------+-------+


+----------------------------------------------------------------------------------------------------------------+
; Port Connectivity Checks: "DATA_PATH:I0|ALU_8BITS:ALU_UNIT"                                                    ;
+------+--------+----------+-------------------------------------------------------------------------------------+
; Port ; Type   ; Severity ; Details                                                                             ;
+------+--------+----------+-------------------------------------------------------------------------------------+
; cin  ; Input  ; Info     ; Stuck at GND                                                                        ;
; cout ; Output ; Info     ; Connected to dangling logic. Logic that only feeds a dangling port will be removed. ;
+------+--------+----------+-------------------------------------------------------------------------------------+


+-------------------------------+
; Analysis & Synthesis Messages ;
+-------------------------------+
Info: *******************************************************************
Info: Running Quartus Prime Analysis & Synthesis
    Info: Version 18.0.0 Build 614 04/24/2018 SJ Lite Edition
    Info: Processing started: Tue May 14 18:51:24 2024
Info: Command: quartus_map --read_settings_files=on --write_settings_files=off CPU -c CPU
Warning (18236): Number of processors has not been specified which may cause overloading on shared machines.  Set the global assignment NUM_PARALLEL_PROCESSORS in your QSF to an appropriate value for best performance.
Info (20030): Parallel compilation is enabled and will use 16 of the 24 processors detected
Info (12021): Found 2 design units, including 1 entities, in source file /users/ricar/desktop/te2003b/arith/ha/ha.vhd
    Info (12022): Found design unit 1: HA-ARC File: C:/Users/ricar/Desktop/TE2003B/ARITH/HA/HA.vhd Line: 12
    Info (12023): Found entity 1: HA File: C:/Users/ricar/Desktop/TE2003B/ARITH/HA/HA.vhd Line: 7
Info (12021): Found 2 design units, including 1 entities, in source file /users/ricar/desktop/te2003b/processor/data_path/data_path.vhd
    Info (12022): Found design unit 1: DATA_PATH-arc File: C:/Users/ricar/Desktop/TE2003B/PROCESSOR/DATA_PATH/DATA_PATH.vhd Line: 19
    Info (12023): Found entity 1: DATA_PATH File: C:/Users/ricar/Desktop/TE2003B/PROCESSOR/DATA_PATH/DATA_PATH.vhd Line: 8
Info (12021): Found 2 design units, including 1 entities, in source file /users/ricar/desktop/te2003b/processor/alu_8bits/alu_8bits.vhd
    Info (12022): Found design unit 1: ALU_8BITS-arc File: C:/Users/ricar/Desktop/TE2003B/PROCESSOR/ALU_8BITS/ALU_8BITS.vhd Line: 16
    Info (12023): Found entity 1: ALU_8BITS File: C:/Users/ricar/Desktop/TE2003B/PROCESSOR/ALU_8BITS/ALU_8BITS.vhd Line: 4
Info (12021): Found 2 design units, including 1 entities, in source file /users/ricar/desktop/te2003b/processor/bit_slice/bit_slice.vhd
    Info (12022): Found design unit 1: BIT_SLICE-arc File: C:/Users/ricar/Desktop/TE2003B/PROCESSOR/BIT_SLICE/BIT_SLICE.vhd Line: 9
    Info (12023): Found entity 1: BIT_SLICE File: C:/Users/ricar/Desktop/TE2003B/PROCESSOR/BIT_SLICE/BIT_SLICE.vhd Line: 4
Info (12021): Found 2 design units, including 1 entities, in source file /users/ricar/desktop/te2003b/processor/me/me.vhd
    Info (12022): Found design unit 1: ME-arc File: C:/Users/ricar/Desktop/TE2003B/PROCESSOR/ME/ME.vhd Line: 14
    Info (12023): Found entity 1: ME File: C:/Users/ricar/Desktop/TE2003B/PROCESSOR/ME/ME.vhd Line: 4
Info (12021): Found 2 design units, including 1 entities, in source file cpu.vhd
    Info (12022): Found design unit 1: CPU-arc File: C:/Users/ricar/Desktop/TE2003B/PROCESSOR/CPU/CPU.vhd Line: 12
    Info (12023): Found entity 1: CPU File: C:/Users/ricar/Desktop/TE2003B/PROCESSOR/CPU/CPU.vhd Line: 4
Info (12127): Elaborating entity "CPU" for the top level hierarchy
Info (12128): Elaborating entity "DATA_PATH" for hierarchy "DATA_PATH:I0" File: C:/Users/ricar/Desktop/TE2003B/PROCESSOR/CPU/CPU.vhd Line: 45
Info (12128): Elaborating entity "ALU_8BITS" for hierarchy "DATA_PATH:I0|ALU_8BITS:ALU_UNIT" File: C:/Users/ricar/Desktop/TE2003B/PROCESSOR/DATA_PATH/DATA_PATH.vhd Line: 111
Info (12128): Elaborating entity "BIT_SLICE" for hierarchy "DATA_PATH:I0|ALU_8BITS:ALU_UNIT|BIT_SLICE:I1" File: C:/Users/ricar/Desktop/TE2003B/PROCESSOR/ALU_8BITS/ALU_8BITS.vhd Line: 29
Info (12128): Elaborating entity "HA" for hierarchy "DATA_PATH:I0|ALU_8BITS:ALU_UNIT|BIT_SLICE:I1|HA:I0" File: C:/Users/ricar/Desktop/TE2003B/PROCESSOR/BIT_SLICE/BIT_SLICE.vhd Line: 24
Info (12128): Elaborating entity "ME" for hierarchy "ME:I1" File: C:/Users/ricar/Desktop/TE2003B/PROCESSOR/CPU/CPU.vhd Line: 46
Warning (10492): VHDL Process Statement warning at ME.vhd(31): signal "edo" is read inside the Process Statement but isn't in the Process Statement's sensitivity list File: C:/Users/ricar/Desktop/TE2003B/PROCESSOR/ME/ME.vhd Line: 31
Warning (13024): Output pins are stuck at VCC or GND
    Warning (13410): Pin "writee" is stuck at GND File: C:/Users/ricar/Desktop/TE2003B/PROCESSOR/CPU/CPU.vhd Line: 7
Info (17049): 10 registers lost all their fanouts during netlist optimizations.
Warning (21074): Design contains 8 input pin(s) that do not drive logic
    Warning (15610): No output dependent on input pin "from_mem[0]" File: C:/Users/ricar/Desktop/TE2003B/PROCESSOR/CPU/CPU.vhd Line: 6
    Warning (15610): No output dependent on input pin "from_mem[1]" File: C:/Users/ricar/Desktop/TE2003B/PROCESSOR/CPU/CPU.vhd Line: 6
    Warning (15610): No output dependent on input pin "from_mem[2]" File: C:/Users/ricar/Desktop/TE2003B/PROCESSOR/CPU/CPU.vhd Line: 6
    Warning (15610): No output dependent on input pin "from_mem[3]" File: C:/Users/ricar/Desktop/TE2003B/PROCESSOR/CPU/CPU.vhd Line: 6
    Warning (15610): No output dependent on input pin "from_mem[4]" File: C:/Users/ricar/Desktop/TE2003B/PROCESSOR/CPU/CPU.vhd Line: 6
    Warning (15610): No output dependent on input pin "from_mem[5]" File: C:/Users/ricar/Desktop/TE2003B/PROCESSOR/CPU/CPU.vhd Line: 6
    Warning (15610): No output dependent on input pin "from_mem[6]" File: C:/Users/ricar/Desktop/TE2003B/PROCESSOR/CPU/CPU.vhd Line: 6
    Warning (15610): No output dependent on input pin "from_mem[7]" File: C:/Users/ricar/Desktop/TE2003B/PROCESSOR/CPU/CPU.vhd Line: 6
Info (21057): Implemented 47 device resources after synthesis - the final resource count might be different
    Info (21058): Implemented 10 input pins
    Info (21059): Implemented 17 output pins
    Info (21061): Implemented 20 logic cells
Info: Quartus Prime Analysis & Synthesis was successful. 0 errors, 13 warnings
    Info: Peak virtual memory: 4771 megabytes
    Info: Processing ended: Tue May 14 18:51:31 2024
    Info: Elapsed time: 00:00:07
    Info: Total CPU time (on all processors): 00:00:04


